EN treg NULL D:/study/2013fall/ComputerOrganization/lastproject/makecomputer/src/CPU/TReg.vhd sub00/vhpl04 1385031825
AR mux behavioral D:/study/2013fall/ComputerOrganization/lastproject/makecomputer/src/CPU/Mux.vhd sub00/vhpl13 1385188183
AR mem_wb behavioral D:/study/2013fall/ComputerOrganization/lastproject/makecomputer/src/CPU/MEM_WB.vhd sub00/vhpl09 1385033353
PB common common D:/study/2013fall/ComputerOrganization/lastproject/makecomputer/src/CPU/Common.vhd sub00/vhpl11 1385188179
AR add behavioral D:/study/2013fall/ComputerOrganization/lastproject/makecomputer/src/CPU/Add.vhd sub00/vhpl15 1385188185
AR pcreg behavioral D:/study/2013fall/ComputerOrganization/lastproject/makecomputer/src/CPU/PCReg.vhd sub00/vhpl01 1385188181
EN cpu NULL D:/study/2013fall/ComputerOrganization/lastproject/makecomputer/src/CPU/CPU.vhd sub00/vhpl02 1385188190
AR cpu behavioral D:/study/2013fall/ComputerOrganization/lastproject/makecomputer/src/CPU/CPU.vhd sub00/vhpl03 1385188191
EN mem_wb NULL D:/study/2013fall/ComputerOrganization/lastproject/makecomputer/src/CPU/MEM_WB.vhd sub00/vhpl08 1385033352
AR if_id behavioral D:/study/2013fall/ComputerOrganization/lastproject/makecomputer/src/CPU/IF_ID.vhd sub00/vhpl17 1385188189
PH common NULL D:/study/2013fall/ComputerOrganization/lastproject/makecomputer/src/CPU/Common.vhd sub00/vhpl10 1385188178
EN if_id NULL D:/study/2013fall/ComputerOrganization/lastproject/makecomputer/src/CPU/IF_ID.vhd sub00/vhpl16 1385188188
EN add NULL D:/study/2013fall/ComputerOrganization/lastproject/makecomputer/src/CPU/Add.vhd sub00/vhpl14 1385188184
AR instructionmem behavioral D:/study/2013fall/ComputerOrganization/lastproject/makecomputer/src/CPU/InstructionMemory.vhd sub00/vhpl19 1385188187
EN pcreg NULL D:/study/2013fall/ComputerOrganization/lastproject/makecomputer/src/CPU/PCReg.vhd sub00/vhpl00 1385188180
AR treg behavioral D:/study/2013fall/ComputerOrganization/lastproject/makecomputer/src/CPU/TReg.vhd sub00/vhpl05 1385031826
EN mux NULL D:/study/2013fall/ComputerOrganization/lastproject/makecomputer/src/CPU/Mux.vhd sub00/vhpl12 1385188182
EN ex_mem NULL D:/study/2013fall/ComputerOrganization/lastproject/makecomputer/src/CPU/EX_MEM.vhd sub00/vhpl06 1385033211
EN instructionmem NULL D:/study/2013fall/ComputerOrganization/lastproject/makecomputer/src/CPU/InstructionMemory.vhd sub00/vhpl18 1385188186
AR ex_mem behavioral D:/study/2013fall/ComputerOrganization/lastproject/makecomputer/src/CPU/EX_MEM.vhd sub00/vhpl07 1385033212
