V3 38
FL D:/study/2013fall/ComputerOrganization/lastproject/makecomputer/src/CPU/Add.vhd 2013/11/23.14:06:22 P.68d
EN work/Add 1385188184 \
      FL D:/study/2013fall/ComputerOrganization/lastproject/makecomputer/src/CPU/Add.vhd \
      PB ieee/std_logic_1164 1370735607 PB work/Common 1385188179
AR work/Add/Behavioral 1385188185 \
      FL D:/study/2013fall/ComputerOrganization/lastproject/makecomputer/src/CPU/Add.vhd \
      EN work/Add 1385188184
FL D:/study/2013fall/ComputerOrganization/lastproject/makecomputer/src/CPU/Common.vhd 2013/11/23.14:09:37 P.68d
PH work/Common 1385188178 \
      FL D:/study/2013fall/ComputerOrganization/lastproject/makecomputer/src/CPU/Common.vhd \
      PB ieee/std_logic_1164 1370735607 PB ieee/NUMERIC_STD 1370735611
PB work/Common 1385188179 \
      FL D:/study/2013fall/ComputerOrganization/lastproject/makecomputer/src/CPU/Common.vhd \
      PH work/Common 1385188178
FL D:/study/2013fall/ComputerOrganization/lastproject/makecomputer/src/CPU/Constant.vhd 2013/11/23.13:40:52 P.68d
PH work/Constant 0 \
      FL D:/study/2013fall/ComputerOrganization/lastproject/makecomputer/src/CPU/Constant.vhd \
      PB ieee/std_logic_1164 1370735607
PB work/Constant 0 \
      FL D:/study/2013fall/ComputerOrganization/lastproject/makecomputer/src/CPU/Constant.vhd \
      PH work/Constant 0
FL D:/study/2013fall/ComputerOrganization/lastproject/makecomputer/src/CPU/CPU.vhd 2013/11/23.14:29:07 P.68d
EN work/CPU 1385188190 \
      FL D:/study/2013fall/ComputerOrganization/lastproject/makecomputer/src/CPU/CPU.vhd \
      PB ieee/std_logic_1164 1370735607 PB ieee/std_logic_arith 1370735608 \
      PB ieee/NUMERIC_STD 1370735611 PB work/Common 1385188179
AR work/CPU/Behavioral 1385188191 \
      FL D:/study/2013fall/ComputerOrganization/lastproject/makecomputer/src/CPU/CPU.vhd \
      EN work/CPU 1385188190 CP PCReg CP Mux CP Add CP InstructionMem CP IF_ID
FL D:/study/2013fall/ComputerOrganization/lastproject/makecomputer/src/CPU/EX_MEM.vhd 2013/11/21.19:26:48 P.68d
EN work/EX_MEM 1385033211 \
      FL D:/study/2013fall/ComputerOrganization/lastproject/makecomputer/src/CPU/EX_MEM.vhd \
      PB ieee/std_logic_1164 1370735607
AR work/EX_MEM/Behavioral 1385033212 \
      FL D:/study/2013fall/ComputerOrganization/lastproject/makecomputer/src/CPU/EX_MEM.vhd \
      EN work/EX_MEM 1385033211
FL D:/study/2013fall/ComputerOrganization/lastproject/makecomputer/src/CPU/IF_ID.vhd 2013/11/23.14:16:29 P.68d
EN work/IF_ID 1385188188 \
      FL D:/study/2013fall/ComputerOrganization/lastproject/makecomputer/src/CPU/IF_ID.vhd \
      PB ieee/std_logic_1164 1370735607 PB work/Common 1385188179
AR work/IF_ID/Behavioral 1385188189 \
      FL D:/study/2013fall/ComputerOrganization/lastproject/makecomputer/src/CPU/IF_ID.vhd \
      EN work/IF_ID 1385188188
FL D:/study/2013fall/ComputerOrganization/lastproject/makecomputer/src/CPU/InstructionMemory.vhd 2013/11/23.14:18:53 P.68d
EN work/InstructionMem 1385188186 \
      FL D:/study/2013fall/ComputerOrganization/lastproject/makecomputer/src/CPU/InstructionMemory.vhd \
      PB ieee/std_logic_1164 1370735607 PB work/Common 1385188179
AR work/InstructionMem/Behavioral 1385188187 \
      FL D:/study/2013fall/ComputerOrganization/lastproject/makecomputer/src/CPU/InstructionMemory.vhd \
      EN work/InstructionMem 1385188186
FL D:/study/2013fall/ComputerOrganization/lastproject/makecomputer/src/CPU/MEM_WB.vhd 2013/11/21.19:29:09 P.68d
EN work/MEM_WB 1385033352 \
      FL D:/study/2013fall/ComputerOrganization/lastproject/makecomputer/src/CPU/MEM_WB.vhd \
      PB ieee/std_logic_1164 1370735607
AR work/MEM_WB/Behavioral 1385033353 \
      FL D:/study/2013fall/ComputerOrganization/lastproject/makecomputer/src/CPU/MEM_WB.vhd \
      EN work/MEM_WB 1385033352
FL D:/study/2013fall/ComputerOrganization/lastproject/makecomputer/src/CPU/Mux.vhd 2013/11/23.13:57:04 P.68d
EN work/Mux 1385188182 \
      FL D:/study/2013fall/ComputerOrganization/lastproject/makecomputer/src/CPU/Mux.vhd \
      PB ieee/std_logic_1164 1370735607 PB work/Common 1385188179
AR work/Mux/Behavioral 1385188183 \
      FL D:/study/2013fall/ComputerOrganization/lastproject/makecomputer/src/CPU/Mux.vhd \
      EN work/Mux 1385188182
FL D:/study/2013fall/ComputerOrganization/lastproject/makecomputer/src/CPU/PCReg.vhd 2013/11/23.13:54:09 P.68d
EN work/PCReg 1385188180 \
      FL D:/study/2013fall/ComputerOrganization/lastproject/makecomputer/src/CPU/PCReg.vhd \
      PB ieee/std_logic_1164 1370735607 PB work/Common 1385188179
AR work/PCReg/Behavioral 1385188181 \
      FL D:/study/2013fall/ComputerOrganization/lastproject/makecomputer/src/CPU/PCReg.vhd \
      EN work/PCReg 1385188180
FL D:/study/2013fall/ComputerOrganization/lastproject/makecomputer/src/CPU/TReg.vhd 2013/11/21.19:03:31 P.68d
EN work/TReg 1385031825 \
      FL D:/study/2013fall/ComputerOrganization/lastproject/makecomputer/src/CPU/TReg.vhd \
      PB ieee/std_logic_1164 1370735607
AR work/TReg/Behavioral 1385031826 \
      FL D:/study/2013fall/ComputerOrganization/lastproject/makecomputer/src/CPU/TReg.vhd \
      EN work/TReg 1385031825
